Turbo Assembler	 Version 3.2	    12/02/18 22:42:48	    Page 1
Q.ASM



      1					   assume cs:codigo,ds:dados,es:dados,ss:pilha ; define	segmentos do código
      2	      =000D		     CR	      EQU    0DH ; constante - codigo ASCII do caractere "carriage return"
      3	      =000A		     LF	      EQU    0AH ; constante - codigo ASCII do caractere "line feed"
      4
      5				     ; definicao do segmento de	dados do programa
      6	0000			     dados    segment
      7	0000  4D 65 75 20 70 72	69+  mensagem db     'Meu primeiro programa em ASSEMBLER 8086 funciona !!!' ;reutiliza
      8	      6D 65 69 72 6F 20	70+
      9	      72 6F 67 72 61 6D	61+
     10	      20 65 6D 20 41 53	53+
     11	      45 4D 42 4C 45 52	20+
     12	      38 30 38 36 20 66	75+
     13	      6E 63 69 6F 6E 61	20+
     14	      21 21 21
     15	0034  0D 0A 24		     fimlinha db     CR,LF,'$' ;mantem
     16	0037			     dados    ends
     17
     18				     ; definicao do segmento de	pilha do programa
     19	0000			     pilha    segment stack ; permite inicializacao automatica de SS:SP
     20	0000  80*(????)			      dw     128 dup(?)
     21	0100			     pilha    ends
     22
     23				     ; definicao do segmento de	codigo do programa
     24	0000			     codigo   segment
     25	0000			     inicio:  ;	CS e IP	sao inicializados com este endereco
     26	0000  B8 0000s			      mov    ax,dados ;	inicializa DS
     27	0003  8E D8			      mov    ds,ax    ;	com endereco do	segmento DADOS
     28	0005  8E C0			      mov    es,ax    ;	idem em	ES
     29				     ; fim da carga inicial dos	registradores de segmento
     30
     31				     ; a partir	daqui, as instrucoes especificas para cada programa
     32				     ; neste exemplo, o	programa apenas	exibe uma mensagem na tela
     33				     ; e devolve o controle para o sistema operacional (DOS)
     34	0007  BA 0000r			      lea    dx,mensagem	; endereco da mensagem em DX
     35	000A  B4 09			      mov    ah,9		; funcao exibir	mensagem no AH
     36	000C  CD 21			      int    21h		; chamada do DOS
     37
     38				     ; retorno ao DOS com codigo de retorno 0 no AL (fim normal)
     39	000E			     fim:
     40	000E  B8 4C00			      mov    ax,4c00h		; funcao retornar ao DOS no AH
     41	0011  CD 21			      int    21h		; chamada do DOS
     42
     43	0013			     codigo   ends
     44
     45				     ; a diretiva a seguir indica o fim	do codigo fonte	(ultima	linha do arquivo)
     46				     ; e informa que o programa	deve começar a	execucao no rotulo "inicio"
     47					      end    inicio
Turbo Assembler	 Version 3.2	    12/02/18 22:42:48	    Page 2
Symbol Table




Symbol Name			  Type	 Value

??DATE				  Text	 "12/02/18"
??FILENAME			  Text	 "Q	  "
??TIME				  Text	 "22:42:48"
??VERSION			  Number 0314
@CPU				  Text	 0101H
@CURSEG				  Text	 CODIGO
@FILENAME			  Text	 Q
@WORDSIZE			  Text	 2
CR				  Number 000D
FIM				  Near	 CODIGO:000E
FIMLINHA			  Byte	 DADOS:0034
INICIO				  Near	 CODIGO:0000
LF				  Number 000A
MENSAGEM			  Byte	 DADOS:0000

Groups & Segments		  Bit Size Align  Combine Class

CODIGO				  16  0013 Para	  none
DADOS				  16  0037 Para	  none
PILHA				  16  0100 Para	  Stack
